============================= test session starts =============================
platform win32 -- Python 3.12.10, pytest-9.0.2, pluggy-1.6.0
rootdir: D:\Data_Portable\Development\Repositories\DropShock_Digital\LMTokenCook
plugins: anyio-4.12.0, asyncio-1.3.0
asyncio: mode=Mode.STRICT, debug=False, asyncio_default_fixture_loop_scope=None, asyncio_default_test_loop_scope=function
collected 0 items / 1 error

=================================== ERRORS ====================================
___________________ ERROR collecting tests/test_chunker.py ____________________
ImportError while importing test module 'D:\Data_Portable\Development\Repositories\DropShock_Digital\LMTokenCook\tests\test_chunker.py'.
Hint: make sure your test modules/packages have valid Python names.
Traceback:
C:\Users\seago\AppData\Local\Programs\Python\Python312\Lib\importlib\__init__.py:90: in import_module
    return _bootstrap._gcd_import(name[level:], package, level)
           ^^^^^^^^^^^^^^^^^^^^^^^^^^^^^^^^^^^^^^^^^^^^^^^^^^^^
tests\test_chunker.py:6: in <module>
    from src.server.core.chunker import serving_lines
E   ModuleNotFoundError: No module named 'src'
=========================== short test summary info ===========================
ERROR tests/test_chunker.py
!!!!!!!!!!!!!!!!!!! Interrupted: 1 error during collection !!!!!!!!!!!!!!!!!!!!
============================== 1 error in 0.08s ===============================
